C51 COMPILER V9.00   MAIN                                                                  04/22/2022 22:07:00 PAGE 1   


C51 COMPILER V9.00, COMPILATION OF MODULE MAIN
OBJECT MODULE PLACED IN main.OBJ
COMPILER INVOKED BY: D:\C51\C51\BIN\C51.EXE main.c BROWSE DEBUG OBJECTEXTEND

line level    source

   1          #include "regx52.h"
   2          #include "intrins.h"
   3          #include "LCD1602.h"
   4          #include "DHT11.h"
   5          #include <stdio.h>
   6          
   7          extern unsigned int rec_data[4];
   8          extern unsigned char rec_data_lcd0[6];
   9          extern unsigned char rec_data_lcd1[6];
  10          extern unsigned char rec_data_lcd2[6];
  11          extern unsigned char rec_data_lcd3[6];
  12          
  13          void Delay500ms()               //@11.0592MHz
  14          {
  15   1              unsigned char i, j, k;
  16   1      
  17   1              _nop_();
  18   1              i = 4;
  19   1              j = 129;
  20   1              k = 119;
  21   1              do
  22   1              {
  23   2                      do
  24   2                      {
  25   3                              while (--k);
  26   3                      } while (--j);
  27   2              } while (--i);
  28   1      }
  29          
  30          void main()
  31          {
  32   1                      DHT11_UART_Init();
*** WARNING C206 IN LINE 32 OF MAIN.C: 'DHT11_UART_Init': missing function-prototype
  33   1                      LCD_Init();
  34   1                      LCD_ShowString(1,1,"Humi:");
  35   1                      LCD_ShowString(2,1,"Temp:");
  36   1                      
  37   1                      while(1)
  38   1                      {
  39   2                                      Delay1000ms();;
*** WARNING C206 IN LINE 39 OF MAIN.C: 'Delay1000ms': missing function-prototype
  40   2                                      DHT11_Receive();
*** WARNING C206 IN LINE 40 OF MAIN.C: 'DHT11_Receive': missing function-prototype
  41   2                                      
  42   2                                      sprintf(rec_data_lcd0,"%d",rec_data[0]);
  43   2                                      sprintf(rec_data_lcd1,"%d",rec_data[1]);
  44   2                                      sprintf(rec_data_lcd2,"%d",rec_data[2]);
  45   2                                      sprintf(rec_data_lcd3,"%d",rec_data[3]);
  46   2                                      
  47   2                                      Delay100ms();
*** WARNING C206 IN LINE 47 OF MAIN.C: 'Delay100ms': missing function-prototype
  48   2                                      
  49   2                                      LCD_ShowString(1,6,rec_data_lcd0);
  50   2                                      LCD_ShowString(1,8,".");
  51   2                                      LCD_ShowString(1,9,rec_data_lcd1);
C51 COMPILER V9.00   MAIN                                                                  04/22/2022 22:07:00 PAGE 2   

  52   2                                      LCD_ShowString(1,15,"%");
  53   2                                      
  54   2                                      LCD_ShowString(2,6,rec_data_lcd2);
  55   2                                      LCD_ShowString(2,8,".");
  56   2                                      LCD_ShowString(2,9,rec_data_lcd3);
  57   2                                      LCD_ShowString(2,15,"C");
  58   2                                      
  59   2      //                              printf("Humi:%d.%d \n",rec_data[0],rec_data[1]); //Í¨¹ý´®¿Ú
  60   2      //                              printf("Temp:%d.%d ¡ãC\n",rec_data[2],rec_data[3]);
  61   2      
  62   2                      }
  63   1      }


MODULE INFORMATION:   STATIC OVERLAYABLE
   CODE SIZE        =    258    ----
   CONSTANT SIZE    =     21    ----
   XDATA SIZE       =   ----    ----
   PDATA SIZE       =   ----    ----
   DATA SIZE        =   ----    ----
   IDATA SIZE       =   ----    ----
   BIT SIZE         =   ----    ----
END OF MODULE INFORMATION.


C51 COMPILATION COMPLETE.  4 WARNING(S),  0 ERROR(S)
