C51 COMPILER V9.00   DS1302                                                                04/29/2022 16:32:38 PAGE 1   


C51 COMPILER V9.00, COMPILATION OF MODULE DS1302
OBJECT MODULE PLACED IN DS1302.OBJ
COMPILER INVOKED BY: D:\C51\C51\BIN\C51.EXE DS1302.c BROWSE DEBUG OBJECTEXTEND

line level    source

   1          #include<reg52.h>
   2          #define UINT unsigned int 
   3          #define UCHAR  unsigned char 
   4           
   5          sbit en=P3^4; //   使能
   6          sbit rs=P3^5; //   LCD的数据和控制端口
   7          sbit rw=P3^6; //   LCD的读写控制
   8          sbit rd=P3^7; //   LCD的串行和并行选择
   9          sbit duan=P2^6; //关闭数码管的显示
  10          sbit wei=P2^7;
  11          
  12          
  13          sbit sclk=P1^1;//DS1302的控制和数据端口
  14          sbit io=P1^0;
  15          sbit ce=P1^2;//复位端口，我认为和使能口一样。可这样理解
  16          
  17           int c;
  18          
  19          
  20          UCHAR   line[]="年月日";
  21          UCHAR   line2[]="时分秒";
  22          UCHAR   line3[]="星期";
  23          UCHAR   table[]="一二三四五六日"; 
  24          UCHAR   digit[]="0123456789";
  25          
  26          void show_on( UCHAR ADD);
  27          void DS1302_init();
  28          void DS1302_write(UCHAR add,UCHAR dat);
  29          //void LCD_chinese( UCHAR P[10]);
  30          void LCD_rw(UCHAR wr,bit n);
  31          
  32          /*******************************************************************
  33           函数名称：void delay（）；
  34           
  35           函数功能： ms 延时
  36           输入参数： x ，延时时间
  37           输出函数： 无
  38          
  39          ********************************************************************/
  40          
  41           void delay( UINT x)   //ms延时
  42            {
  43   1           UINT i,j;
  44   1                for(i=x;i>0;i--)
  45   1                  for(j=110;j>0;j--);
  46   1        }
  47          /*******************************************************************
  48           函数名称：void LCD_rw(UCHAR com,bit n)
  49           
  50           函数功能： LCD的数据和命令写入
  51           输入参数： wr 要写入的数据和命令  n:  n=1时，写入数据。n=0时写入命令
  52           输出函数： 无
  53          
  54          ********************************************************************/
  55          
C51 COMPILER V9.00   DS1302                                                                04/29/2022 16:32:38 PAGE 2   

  56          void LCD_rw(UCHAR wr,bit n)
  57           {        
  58   1              rw=0;
  59   1              P0=wr;
  60   1              rs=(0|n);
  61   1              en=0;
  62   1              delay(5);
  63   1              en=1;
  64   1          delay(5);
  65   1              en=0;
  66   1          delay(5);
  67   1          
  68   1       }
  69          void LCD_chinese( char  *P )
  70            {                    
  71   1                      LCD_rw( *P,1);
  72   1                          P++; 
  73   1                       LCD_rw( *P,1);
  74   1              
  75   1        }
  76           /*******************************************************************
  77           函数名称： LCD_init()
  78           
  79           函数功能： LCD12864 的初始化
  80           输入参数： 无
  81           输出函数： 无
  82          
  83          ********************************************************************/
  84          
  85          void LCD_init()
  86           {
  87   1          rd=1;
  88   1          duan=0;
  89   1              wei=0;
  90   1              delay(15);
  91   1               LCD_rw(0x38,0);
  92   1              delay(5);
  93   1               LCD_rw(0x30,0);
  94   1              delay(5);
  95   1               LCD_rw(0x0c,0);
  96   1              delay(5);
  97   1               LCD_rw(0x06,0);
  98   1               delay(5);
  99   1               LCD_rw(0x01,0);
 100   1              delay(5);
 101   1       }
 102          
 103           
 104          /*******************************************************************
 105           函数名称：1302write_byte( UCHAR dat) 
 106           
 107           函数功能： 写入一个字节（ 在sclk的上升沿写入，最低位先写入 ）
 108           输入参数： dat 要写入的字节
 109           输出函数： 无
 110          
 111          ********************************************************************/
 112          
 113          void DS1302write_byte( UCHAR dat)
 114           {
 115   1              int i;
 116   1              //unsigned char temp;
 117   1                sclk=0;
C51 COMPILER V9.00   DS1302                                                                04/29/2022 16:32:38 PAGE 3   

 118   1              
 119   1              for( i=0;i<8;i++)
 120   1                {               
 121   2                      //dat=temp;
 122   2                   io=dat&0x01; //比原文少延时
 123   2                       sclk=1;
 124   2                       delay(2);                         
 125   2                       sclk=0;                         
 126   2                       dat>>=1;  
 127   2      
 128   2                }
 129   1      
 130   1      
 131   1       }
 132          
 133           /*******************************************************************
 134           函数名称：void 1302_write(UCHAR add,UCHAR dat ) 
 135           
 136           函数功能： 在指定位置写入数据   (在上升沿将数据写入)
 137           输入参数： add，地址；dat，数据
 138           输出函数： 无
 139          
 140          ********************************************************************/
 141          
 142          void DS1302_write(UCHAR add,UCHAR dat)
 143           {
 144   1          ce=0;
 145   1              sclk=0;
 146   1              ce=1;
 147   1      
 148   1              DS1302write_byte( add );// 要写入1302的寄存器的地址
 149   1              DS1302write_byte( dat);//        要写入1302的寄存器的数据
 150   1      
 151   1              sclk=1;
 152   1              ce=0; //类似于使能端，使用后将其释放
 153   1              sclk=0;
 154   1              delay(2);
 155   1              
 156   1       }
 157          
 158          /*******************************************************************
 159           函数名称：UCHAR 1302read_byte( ) 
 160           
 161           函数功能： 读取一个字节（ 在sclk的下降沿读出，最低位先读入 ）
 162           输入参数： 无
 163           输出函数： DAT ,读出的数据
 164          
 165          ********************************************************************/
 166          
 167          
 168          UCHAR DS1302read_byte( )
 169           {
 170   1          int i;
 171   1              UCHAR DAT;
 172   1              sclk=0;
 173   1          for(i=0;i<8;i++)
 174   1                {                      
 175   2                       DAT=DAT>>1;
 176   2                   if(io==1)
 177   2                       DAT|=0x80; 
 178   2                   sclk=1;
 179   2                      delay(2);
C51 COMPILER V9.00   DS1302                                                                04/29/2022 16:32:38 PAGE 4   

 180   2                      sclk=0;
 181   2                      
 182   2               
 183   2                }
 184   1                return DAT;
 185   1       }
 186          
 187          /*******************************************************************
 188           函数名称：     UCHAR 1302_read( UCHAR add )
 189           
 190           函数功能： 读出指定位置的数据 
 191           输入参数： add，地址；
 192           输出函数： Temp
 193          
 194          ********************************************************************/
 195          
 196          UCHAR DS1302_read( UCHAR add )
 197           {
 198   1               UCHAR Temp;
 199   1          ce=0;
 200   1              sclk=0;
 201   1              ce=1;
 202   1              DS1302write_byte( add );         //这里和原文有区别
 203   1              
 204   1              Temp=(DS1302read_byte( ) );
 205   1              sclk=1 ;
 206   1                      ce=0;
 207   1                      sclk=0;
 208   1              return Temp     ;        //这里有改动，去了个sclk=1；和ce=0换了位置
 209   1              
 210   1              
 211   1       }
 212          
 213          
 214          
 215          /*******************************************************************
 216           函数名称：     void DS1302_init()
 217           
 218           函数功能： 初始化DS1302
 219           输入参数： 无
 220           输出函数： 无
 221          
 222          ********************************************************************/
 223          
 224          void DS1302_init()
 225           {
 226   1          DS1302_write( 0x8E,0x00);//这里有改动开了写保护
 227   1              DS1302_write( 0x80, ((55/10)<<4|(55%10))); //秒
 228   1              delay(1);
 229   1              DS1302_write( 0x8a,((6/10)<<4|(6%10)));//星期
 230   1               delay(1);
 231   1              
 232   1              DS1302_write( 0x82 , ((30/10)<<4|(30%10)));     //分
 233   1              delay(1);
 234   1              DS1302_write( 0x84 , ((23/10)<<4|(23%10)));     //时
 235   1              delay(1);
 236   1              DS1302_write( 0x86 , ((23/10)<<4|(23%10)));//日
 237   1              delay(1);
 238   1              DS1302_write( 0x88, ((4/10)<<4|(4%10))); //月
 239   1              delay(1);
 240   1              DS1302_write( 0x8c,((22/10)<<4|(22%10)));//年
 241   1              delay(1);
C51 COMPILER V9.00   DS1302                                                                04/29/2022 16:32:38 PAGE 5   

 242   1         
 243   1      
 244   1          DS1302_write( 0x90,0xa6);
 245   1              delay(1);
 246   1              DS1302_write( 0x8E,0x80);
 247   1      
 248   1       }
 249          
 250          
 251           /*******************************************
 252                      对指定地址读取回来的值进行处理
 253          
 254           *******************************************/
 255            
 256           
 257          UCHAR read_value(unsigned char add) // 读取指定地址的值，并转化为10进制
 258           {
 259   1           unsigned char BcdValue,DecValue;
 260   1                 BcdValue=DS1302_read(  add );
 261   1                 DecValue=(((BcdValue&0x70)>>4)*10+(BcdValue&0x0f));
 262   1      
 263   1                 return DecValue;
 264   1      
 265   1       }
 266          
 267           
 268          
 269          UCHAR read_year( )      //年需要另外处理，值为00~99
 270           {
 271   1           unsigned char BcdValue,DecValue;
 272   1                 BcdValue=DS1302_read(0x8d);
 273   1                 DecValue=(((BcdValue&0xf0)>>4)*10+(BcdValue&0x0f));
 274   1      
 275   1                 return DecValue;
 276   1      
 277   1       }
 278           
 279           void display(unsigned char add,unsigned char x) //将转化为十进制的数进行显示
 280             {
 281   1            unsigned i,j;
 282   1                 i=x/10;
 283   1                 j=x%10;
 284   1                 LCD_rw( add, 0);
 285   1                 LCD_rw( digit[i], 1); 
 286   1                 LCD_rw( digit[j], 1); 
 287   1                 delay(5);
 288   1         }    
 289          /*void display_week()
 290            {        //int a;
 291                unsigned char BcdValue,DecValue;
 292                     BcdValue=DS1302_read(0x8b);
 293                     //DecValue=(((BcdValue&0xf0)>>4)*10+(BcdValue&0x0f));
 294                     LCD_rw( 0x8c, 0);
 295                               
 296                     //DecValue=DecValue*2-2;
 297                  //      a=(int)(DecValue);
 298                    // LCD_rw( 0x8c, 0); 
 299                    // LCD_chinese( &table[4)]);
 300                     // display(0x8c,DecValue);
 301            }     */
 302          
 303          
C51 COMPILER V9.00   DS1302                                                                04/29/2022 16:32:38 PAGE 6   

 304          /*******************************************************************
 305           函数名称：     void init_devices()
 306           
 307           函数功能： 初始化所有需要初始化的器件
 308           输入参数： 无
 309           输出函数： 无
 310          
 311          ********************************************************************/
 312          
 313          void init_devices( )
 314           {
 315   1         LCD_init();
 316   1         delay(5);
 317   1         DS1302_init();
 318   1         delay(5);
 319   1      //   display( );
 320   1         delay(5);
 321   1       }
 322          
 323          /*******************************************************************
 324           函数名称：     void init_display()
 325           
 326           函数功能：  对需要静态显示的数字和汉字进行初始化
 327           输入参数： 无
 328           输出函数： 无
 329          
 330          ********************************************************************/
 331          void init_display( )
 332           {
 333   1          LCD_rw(0x81,0);
 334   1              LCD_rw('2',1);
 335   1              LCD_rw('0',1);
 336   1              LCD_rw(0x83,0);
 337   1              LCD_chinese( &line[0]);
 338   1              LCD_rw(0x85,0);
 339   1              LCD_chinese( &line[2]);
 340   1              LCD_rw(0x87,0);
 341   1              LCD_chinese( &line[4]);
 342   1      
 343   1              LCD_rw(0x92,0);
 344   1              LCD_chinese( &line2[0]);
 345   1              LCD_rw(0x94,0);
 346   1              LCD_chinese( &line2[2]);
 347   1              LCD_rw(0x96,0);
 348   1              LCD_chinese( &line2[4]);
 349   1      
 350   1          LCD_rw(0x8a,0);
 351   1              LCD_chinese( &line3[0]);
 352   1              LCD_rw(0x8b,0);
 353   1              LCD_chinese( &line3[2]);
 354   1      
 355   1       }
 356           
 357          /*******************************************************************
 358           函数名称： void main() 
 359           
 360           函数功能： 主函数
 361           输入参数： 无
 362           输出函数： 无
 363          
 364          ********************************************************************/
 365          void main()
C51 COMPILER V9.00   DS1302                                                                04/29/2022 16:32:38 PAGE 7   

 366           {         
 367   1                init_devices();
 368   1                delay(100);
 369   1                init_display( );
 370   1                while(1)
 371   1                 {
 372   2                     display(0x82,read_year( ));        //年
 373   2                         display(0x84,read_value(0x89)); //月
 374   2                         display(0x86,read_value(0x87)); //日
 375   2                         display(0x95,read_value(0x81));//秒
 376   2                         
 377   2                         display(0x93,read_value(0x83));//分
 378   2                         display(0x91,read_value(0x85));//时
 379   2      
 380   2                         display(0x8c,read_value(0x8b));//星期
 381   2                        
 382   2                         
 383   2                                       
 384   2       }        
 385   1              
 386   1       }


MODULE INFORMATION:   STATIC OVERLAYABLE
   CODE SIZE        =    744    ----
   CONSTANT SIZE    =   ----    ----
   XDATA SIZE       =   ----    ----
   PDATA SIZE       =   ----    ----
   DATA SIZE        =     46       3
   IDATA SIZE       =   ----    ----
   BIT SIZE         =   ----       1
END OF MODULE INFORMATION.


C51 COMPILATION COMPLETE.  0 WARNING(S),  0 ERROR(S)
